2025-10-23 14:58:10 [main] INFO  com.ruoyi.RuoYiApplication - Starting RuoYiApplication using Java 1.8.0_462 on WeiMacm.local with PID 35341 (/Users/w/Documents/项目/chess/chess_code_2/ruoyi/target/classes started by w in /Users/w/Documents/项目/chess/chess_code_2)
2025-10-23 14:58:10 [background-preinit] INFO  o.h.validator.internal.util.Version - HV000001: Hibernate Validator 6.2.5.Final
2025-10-23 14:58:10 [main] INFO  com.ruoyi.RuoYiApplication - The following 1 profile is active: "dev"
2025-10-23 14:58:11 [main] INFO  io.undertow.servlet - Initializing Spring embedded WebApplicationContext
2025-10-23 14:58:11 [main] INFO  c.b.d.d.DynamicRoutingDataSource - dynamic-datasource detect P6SPY plugin and enabled it
2025-10-23 14:58:11 [main] INFO  com.zaxxer.hikari.HikariDataSource - master - Starting...
2025-10-23 14:59:53 [background-preinit] INFO  o.h.validator.internal.util.Version - HV000001: Hibernate Validator 6.2.5.Final
2025-10-23 14:59:53 [main] INFO  com.ruoyi.RuoYiApplication - Starting RuoYiApplication using Java 1.8.0_462 on WeiMacm.local with PID 35580 (/Users/w/Documents/项目/chess/chess_code_2/ruoyi/target/classes started by w in /Users/w/Documents/项目/chess/chess_code_2)
2025-10-23 14:59:53 [main] INFO  com.ruoyi.RuoYiApplication - The following 1 profile is active: "dev"
2025-10-23 14:59:54 [main] INFO  io.undertow.servlet - Initializing Spring embedded WebApplicationContext
2025-10-23 14:59:54 [main] INFO  c.b.d.d.DynamicRoutingDataSource - dynamic-datasource detect P6SPY plugin and enabled it
2025-10-23 14:59:54 [main] INFO  com.zaxxer.hikari.HikariDataSource - master - Starting...
2025-10-23 14:59:54 [main] INFO  com.zaxxer.hikari.HikariDataSource - master - Start completed.
2025-10-23 14:59:54 [main] INFO  c.b.d.d.DynamicRoutingDataSource - dynamic-datasource - add a datasource named [master] success
2025-10-23 14:59:54 [main] INFO  c.b.d.d.DynamicRoutingDataSource - dynamic-datasource initial loaded [1] datasource,primary datasource named [master]
2025-10-23 14:59:55 [main] INFO  c.r.framework.config.JacksonConfig - 初始化 jackson 配置
2025-10-23 14:59:55 [main] INFO  c.ruoyi.framework.config.RedisConfig - 初始化 redis 配置
2025-10-23 14:59:55 [main] INFO  org.redisson.Version - Redisson 3.20.1
2025-10-23 14:59:55 [redisson-netty-2-6] INFO  o.r.c.p.MasterPubSubConnectionPool - 1 connections initialized for 192.10.84.130/192.10.84.130:6381
2025-10-23 14:59:55 [redisson-netty-2-3] INFO  o.r.c.pool.MasterConnectionPool - 8 connections initialized for 192.10.84.130/192.10.84.130:6381
2025-10-23 14:59:56 [main] INFO  io.undertow - starting server: Undertow - 2.2.28.Final
2025-10-23 14:59:56 [main] INFO  org.xnio - XNIO version 3.8.7.Final
2025-10-23 14:59:56 [main] INFO  org.xnio.nio - XNIO NIO Implementation Version 3.8.7.Final
2025-10-23 14:59:56 [main] INFO  org.jboss.threads - JBoss Threads version 3.1.0.Final
2025-10-23 14:59:56 [main] INFO  com.ruoyi.RuoYiApplication - Started RuoYiApplication in 3.842 seconds (JVM running for 4.267)
2025-10-23 14:59:56 [main] INFO  c.r.c.w.l.WebSocketTopicListener - 初始化WebSocket主题订阅监听器成功
2025-10-23 14:59:56 [main] INFO  c.r.s.runner.SystemApplicationRunner - 初始化OSS配置成功
2025-10-23 14:59:56 [main] INFO  c.r.s.runner.SystemApplicationRunner - 加载参数缓存数据成功
2025-10-23 14:59:56 [main] INFO  c.r.s.runner.SystemApplicationRunner - 加载字典缓存数据成功
2025-10-23 14:59:57 [RMI TCP Connection(1)-127.0.0.1] INFO  io.undertow.servlet - Initializing Spring DispatcherServlet 'dispatcherServlet'
2025-10-23 15:00:56 [XNIO-1 task-1] INFO  c.r.f.i.PlusWebInvokeTimeInterceptor - [PLUS]开始请求 => URL[POST /business/arbiterMapLegend],参数类型[json],参数:[{"name":"居民","color":"#EF4850","cover":"wood","mapId":"12312312"}]
2025-10-23 15:00:56 [XNIO-1 task-1] INFO  c.r.f.i.PlusWebInvokeTimeInterceptor - [PLUS]结束请求 => URL[POST /business/arbiterMapLegend],耗时:[180]毫秒
2025-10-23 15:00:56 [XNIO-1 task-1] INFO  c.r.f.i.PlusWebInvokeTimeInterceptor - [PLUS]开始请求 => URL[GET /business/arbiterMapLegend/list],参数类型[param],参数:[{"pageSize":["10"],"pageNum":["1"]}]
2025-10-23 15:00:56 [XNIO-1 task-1] INFO  c.r.f.i.PlusWebInvokeTimeInterceptor - [PLUS]结束请求 => URL[GET /business/arbiterMapLegend/list],耗时:[91]毫秒
2025-10-23 15:01:04 [XNIO-1 task-1] INFO  c.r.f.i.PlusWebInvokeTimeInterceptor - [PLUS]开始请求 => URL[GET /business/arbiterMapLegend/list],参数类型[param],参数:[{"pageSize":["10"],"pageNum":["2"]}]
2025-10-23 15:01:04 [XNIO-1 task-1] INFO  c.r.f.i.PlusWebInvokeTimeInterceptor - [PLUS]结束请求 => URL[GET /business/arbiterMapLegend/list],耗时:[80]毫秒
2025-10-23 15:01:12 [XNIO-1 task-1] INFO  c.r.f.i.PlusWebInvokeTimeInterceptor - [PLUS]开始请求 => URL[DELETE /business/arbiterMapLegend/1981254496083537922],无参数
2025-10-23 15:01:12 [XNIO-1 task-1] INFO  c.r.f.i.PlusWebInvokeTimeInterceptor - [PLUS]结束请求 => URL[DELETE /business/arbiterMapLegend/1981254496083537922],耗时:[101]毫秒
2025-10-23 15:01:12 [XNIO-1 task-1] INFO  c.r.f.i.PlusWebInvokeTimeInterceptor - [PLUS]开始请求 => URL[GET /business/arbiterMapLegend/list],参数类型[param],参数:[{"pageSize":["10"],"pageNum":["2"]}]
2025-10-23 15:01:12 [XNIO-1 task-1] INFO  c.r.f.i.PlusWebInvokeTimeInterceptor - [PLUS]结束请求 => URL[GET /business/arbiterMapLegend/list],耗时:[68]毫秒
